Traceback (most recent call last):
  File "<frozen runpy>", line 198, in _run_module_as_main
  File "<frozen runpy>", line 88, in _run_code
  File "C:\Users\SSAFY\Downloads\first_repo-main\quant_binance\runtime.py", line 368, in <module>
    raise SystemExit(main())
                     ^^^^^^
  File "C:\Users\SSAFY\Downloads\first_repo-main\quant_binance\runtime.py", line 305, in main
    result = run_live_paper_daemon(
             ^^^^^^^^^^^^^^^^^^^^^^
  File "C:\Users\SSAFY\Downloads\first_repo-main\quant_binance\daemon.py", line 588, in run_live_paper_daemon
    summary = asyncio.run(shell.run()) or {}
              ^^^^^^^^^^^^^^^^^^^^^^^^
  File "C:\Users\SSAFY\AppData\Local\Programs\Python\Python311\Lib\asyncio\runners.py", line 190, in run
    return runner.run(main)
           ^^^^^^^^^^^^^^^^
  File "C:\Users\SSAFY\AppData\Local\Programs\Python\Python311\Lib\asyncio\runners.py", line 118, in run
    return self._loop.run_until_complete(task)
           ^^^^^^^^^^^^^^^^^^^^^^^^^^^^^^^^^^^
  File "C:\Users\SSAFY\AppData\Local\Programs\Python\Python311\Lib\asyncio\base_events.py", line 654, in run_until_complete
    return future.result()
           ^^^^^^^^^^^^^^^
  File "C:\Users\SSAFY\Downloads\first_repo-main\quant_binance\session.py", line 7697, in run
    await self._run_with_monitor(runner)
  File "C:\Users\SSAFY\Downloads\first_repo-main\quant_binance\session.py", line 7680, in _run_with_monitor
    await task
  File "C:\Users\SSAFY\Downloads\first_repo-main\quant_binance\session.py", line 7629, in run
    await self.ws_client.run(handler)
  File "C:\Users\SSAFY\Downloads\first_repo-main\quant_binance\data\combined_ws.py", line 16, in run
    await asyncio.gather(*(client.run(handler) for client in self.clients))
  File "C:\Users\SSAFY\Downloads\first_repo-main\quant_binance\data\bitget_ws.py", line 183, in run
    async for raw in connection:
  File "C:\Users\SSAFY\AppData\Local\Programs\Python\Python311\Lib\site-packages\websockets\asyncio\connection.py", line 244, in __aiter__
    yield await self.recv()
          ^^^^^^^^^^^^^^^^^
  File "C:\Users\SSAFY\AppData\Local\Programs\Python\Python311\Lib\site-packages\websockets\asyncio\connection.py", line 324, in recv
    raise self.protocol.close_exc from self.recv_exc
websockets.exceptions.ConnectionClosedError: no close frame received or sent
