Traceback (most recent call last):
  File "<frozen runpy>", line 198, in _run_module_as_main
  File "<frozen runpy>", line 88, in _run_code
  File "C:\Users\SSAFY\Downloads\first_repo-main\quant_binance\runtime.py", line 368, in <module>
    raise SystemExit(main())
                     ^^^^^^
  File "C:\Users\SSAFY\Downloads\first_repo-main\quant_binance\runtime.py", line 305, in main
    result = run_live_paper_daemon(
             ^^^^^^^^^^^^^^^^^^^^^^
  File "C:\Users\SSAFY\Downloads\first_repo-main\quant_binance\daemon.py", line 560, in run_live_paper_daemon
    summary = asyncio.run(shell.run()) or {}
              ^^^^^^^^^^^^^^^^^^^^^^^^
  File "C:\Users\SSAFY\AppData\Local\Programs\Python\Python311\Lib\asyncio\runners.py", line 190, in run
    return runner.run(main)
           ^^^^^^^^^^^^^^^^
  File "C:\Users\SSAFY\AppData\Local\Programs\Python\Python311\Lib\asyncio\runners.py", line 118, in run
    return self._loop.run_until_complete(task)
           ^^^^^^^^^^^^^^^^^^^^^^^^^^^^^^^^^^^
  File "C:\Users\SSAFY\AppData\Local\Programs\Python\Python311\Lib\asyncio\base_events.py", line 654, in run_until_complete
    return future.result()
           ^^^^^^^^^^^^^^^
  File "C:\Users\SSAFY\Downloads\first_repo-main\quant_binance\session.py", line 7637, in run
    await self._run_with_monitor(runner)
  File "C:\Users\SSAFY\Downloads\first_repo-main\quant_binance\session.py", line 7620, in _run_with_monitor
    await task
  File "C:\Users\SSAFY\Downloads\first_repo-main\quant_binance\session.py", line 7569, in run
    await self.ws_client.run(handler)
  File "C:\Users\SSAFY\Downloads\first_repo-main\quant_binance\data\combined_ws.py", line 16, in run
    await asyncio.gather(*(client.run(handler) for client in self.clients))
  File "C:\Users\SSAFY\Downloads\first_repo-main\quant_binance\data\bitget_ws.py", line 178, in run
    async with websockets.connect(self.url, **self._connect_kwargs(ssl_context=ssl_context)) as connection:
  File "C:\Users\SSAFY\AppData\Local\Programs\Python\Python311\Lib\site-packages\websockets\asyncio\client.py", line 590, in __aenter__
    return await self
           ^^^^^^^^^^
  File "C:\Users\SSAFY\AppData\Local\Programs\Python\Python311\Lib\site-packages\websockets\asyncio\client.py", line 544, in __await_impl__
    self.connection = await self.create_connection()
                      ^^^^^^^^^^^^^^^^^^^^^^^^^^^^^^
  File "C:\Users\SSAFY\AppData\Local\Programs\Python\Python311\Lib\site-packages\websockets\asyncio\client.py", line 398, in create_connection
    raise ValueError("ssl=None is incompatible with a wss:// URI")
ValueError: ssl=None is incompatible with a wss:// URI
