[daemon] equity auto-detected: $5.40 USDT ¡æ capacity: $162.10 (was $10,000 / $5,000 defaults)
[daemon] paper verification equity override: $50.00 USDT -> capacity: $1500.00
[DECISION] 2026-04-21T08:49:00+00:00 DOGEUSDT mode=futures side=long score=74.21
[DECISION] 2026-04-21T08:49:00+00:00 ETHUSDT mode=futures side=long score=86.35
[DECISION] 2026-04-21T08:49:00+00:00 PEPEUSDT mode=futures side=long score=74.26
[DECISION] 2026-04-21T08:49:00+00:00 SOLUSDT mode=futures side=long score=71.85
[SUBMISSION_GATE] DOGEUSDT allow=False can_open=True existing=no pending_external=False order_cooldown=False manual_cooldown=False live_allowed=True
[EXEC_PREFLIGHT] DOGEUSDT allow=False live_allowed=True managed=cash:0.00 prepared=cash:0.00 reasons=HIGH_CONVICTION_RECENT_LONG_CONFIRMATION_REQUIRED
[SUBMISSION_GATE] ETHUSDT allow=False can_open=True existing=no pending_external=False order_cooldown=False manual_cooldown=False live_allowed=True
[EXEC_PREFLIGHT] ETHUSDT allow=False live_allowed=True managed=cash:0.00 prepared=cash:0.00 reasons=HIGH_CONVICTION_RECENT_LONG_CONFIRMATION_REQUIRED
[SUBMISSION_GATE] PEPEUSDT allow=False can_open=True existing=no pending_external=False order_cooldown=False manual_cooldown=False live_allowed=True
[EXEC_PREFLIGHT] PEPEUSDT allow=False live_allowed=True managed=cash:0.00 prepared=cash:0.00 reasons=HIGH_CONVICTION_RECENT_LONG_CONFIRMATION_REQUIRED
[SUBMISSION_GATE] SOLUSDT allow=False can_open=True existing=no pending_external=False order_cooldown=False manual_cooldown=False live_allowed=True
[EXEC_PREFLIGHT] SOLUSDT allow=False live_allowed=True managed=cash:0.00 prepared=cash:0.00 reasons=HIGH_CONVICTION_RECENT_LONG_CONFIRMATION_REQUIRED
[CONNECT] websocket attempt=1
[HEARTBEAT] events=25 decisions=4 live_orders=0 tested_orders=0
[HEARTBEAT] events=50 decisions=4 live_orders=0 tested_orders=0
[HEARTBEAT] events=75 decisions=4 live_orders=0 tested_orders=0
[HEARTBEAT] events=100 decisions=4 live_orders=0 tested_orders=0
[HEARTBEAT] events=125 decisions=4 live_orders=0 tested_orders=0
[HEARTBEAT] events=150 decisions=4 live_orders=0 tested_orders=0
[HEARTBEAT] events=175 decisions=4 live_orders=0 tested_orders=0
[HEARTBEAT] events=200 decisions=4 live_orders=0 tested_orders=0
[HEARTBEAT] events=225 decisions=4 live_orders=0 tested_orders=0
[HEARTBEAT] events=250 decisions=4 live_orders=0 tested_orders=0
[HEARTBEAT] events=275 decisions=4 live_orders=0 tested_orders=0
[HEARTBEAT] events=300 decisions=4 live_orders=0 tested_orders=0
[HEARTBEAT] events=325 decisions=4 live_orders=0 tested_orders=0
[HEARTBEAT] events=350 decisions=4 live_orders=0 tested_orders=0
[HEARTBEAT] events=375 decisions=4 live_orders=0 tested_orders=0
[HEARTBEAT] events=400 decisions=4 live_orders=0 tested_orders=0
[HEARTBEAT] events=425 decisions=4 live_orders=0 tested_orders=0
[HEARTBEAT] events=450 decisions=4 live_orders=0 tested_orders=0
[HEARTBEAT] events=475 decisions=4 live_orders=0 tested_orders=0
[HEARTBEAT] events=500 decisions=4 live_orders=0 tested_orders=0
[HEARTBEAT] events=525 decisions=4 live_orders=0 tested_orders=0
[HEARTBEAT] events=550 decisions=4 live_orders=0 tested_orders=0
[HEARTBEAT] events=575 decisions=4 live_orders=0 tested_orders=0
[HEARTBEAT] events=600 decisions=4 live_orders=0 tested_orders=0
[HEARTBEAT] events=625 decisions=4 live_orders=0 tested_orders=0
[HEARTBEAT] events=650 decisions=4 live_orders=0 tested_orders=0
[HEARTBEAT] events=675 decisions=4 live_orders=0 tested_orders=0
[HEARTBEAT] events=700 decisions=4 live_orders=0 tested_orders=0
[HEARTBEAT] events=725 decisions=4 live_orders=0 tested_orders=0
[HEARTBEAT] events=750 decisions=4 live_orders=0 tested_orders=0
[HEARTBEAT] events=775 decisions=4 live_orders=0 tested_orders=0
[HEARTBEAT] events=800 decisions=4 live_orders=0 tested_orders=0
[HEARTBEAT] events=825 decisions=4 live_orders=0 tested_orders=0
[HEARTBEAT] events=850 decisions=4 live_orders=0 tested_orders=0
[HEARTBEAT] events=875 decisions=4 live_orders=0 tested_orders=0
[HEARTBEAT] events=900 decisions=4 live_orders=0 tested_orders=0
[HEARTBEAT] events=925 decisions=4 live_orders=0 tested_orders=0
[HEARTBEAT] events=950 decisions=4 live_orders=0 tested_orders=0
[HEARTBEAT] events=975 decisions=4 live_orders=0 tested_orders=0
[HEARTBEAT] events=1000 decisions=4 live_orders=0 tested_orders=0
[HEARTBEAT] events=1025 decisions=4 live_orders=0 tested_orders=0
[HEARTBEAT] events=1050 decisions=4 live_orders=0 tested_orders=0
[HEARTBEAT] events=1075 decisions=4 live_orders=0 tested_orders=0
[HEARTBEAT] events=1100 decisions=4 live_orders=0 tested_orders=0
[HEARTBEAT] events=1125 decisions=4 live_orders=0 tested_orders=0
[HEARTBEAT] events=1150 decisions=4 live_orders=0 tested_orders=0
[HEARTBEAT] events=1175 decisions=4 live_orders=0 tested_orders=0
[HEARTBEAT] events=1200 decisions=4 live_orders=0 tested_orders=0
[HEARTBEAT] events=1225 decisions=4 live_orders=0 tested_orders=0
[HEARTBEAT] events=1250 decisions=4 live_orders=0 tested_orders=0
[HEARTBEAT] events=1275 decisions=4 live_orders=0 tested_orders=0
[HEARTBEAT] events=1300 decisions=4 live_orders=0 tested_orders=0
[HEARTBEAT] events=1325 decisions=4 live_orders=0 tested_orders=0
[HEARTBEAT] events=1350 decisions=4 live_orders=0 tested_orders=0
[HEARTBEAT] events=1375 decisions=4 live_orders=0 tested_orders=0
[HEARTBEAT] events=1400 decisions=4 live_orders=0 tested_orders=0
[HEARTBEAT] events=1425 decisions=4 live_orders=0 tested_orders=0
[HEARTBEAT] events=1450 decisions=4 live_orders=0 tested_orders=0
[HEARTBEAT] events=1475 decisions=4 live_orders=0 tested_orders=0
[HEARTBEAT] events=1500 decisions=4 live_orders=0 tested_orders=0
[HEARTBEAT] events=1525 decisions=4 live_orders=0 tested_orders=0
[HEARTBEAT] events=1550 decisions=4 live_orders=0 tested_orders=0
[HEARTBEAT] events=1575 decisions=4 live_orders=0 tested_orders=0
[HEARTBEAT] events=1600 decisions=4 live_orders=0 tested_orders=0
[HEARTBEAT] events=1625 decisions=4 live_orders=0 tested_orders=0
[HEARTBEAT] events=1650 decisions=4 live_orders=0 tested_orders=0
[HEARTBEAT] events=1675 decisions=4 live_orders=0 tested_orders=0
[HEARTBEAT] events=1700 decisions=4 live_orders=0 tested_orders=0
[HEARTBEAT] events=1725 decisions=4 live_orders=0 tested_orders=0
[HEARTBEAT] events=1750 decisions=4 live_orders=0 tested_orders=0
[HEARTBEAT] events=1775 decisions=4 live_orders=0 tested_orders=0
[HEARTBEAT] events=1800 decisions=4 live_orders=0 tested_orders=0
[HEARTBEAT] events=1825 decisions=4 live_orders=0 tested_orders=0
[HEARTBEAT] events=1850 decisions=4 live_orders=0 tested_orders=0
[HEARTBEAT] events=1875 decisions=4 live_orders=0 tested_orders=0
[HEARTBEAT] events=1900 decisions=4 live_orders=0 tested_orders=0
[HEARTBEAT] events=1925 decisions=4 live_orders=0 tested_orders=0
[HEARTBEAT] events=1950 decisions=4 live_orders=0 tested_orders=0
[HEARTBEAT] events=1975 decisions=4 live_orders=0 tested_orders=0
[HEARTBEAT] events=2000 decisions=4 live_orders=0 tested_orders=0
[HEARTBEAT] events=2025 decisions=4 live_orders=0 tested_orders=0
[HEARTBEAT] events=2050 decisions=4 live_orders=0 tested_orders=0
[HEARTBEAT] events=2075 decisions=4 live_orders=0 tested_orders=0
[HEARTBEAT] events=2100 decisions=4 live_orders=0 tested_orders=0
[HEARTBEAT] events=2125 decisions=4 live_orders=0 tested_orders=0
[HEARTBEAT] events=2150 decisions=4 live_orders=0 tested_orders=0
[HEARTBEAT] events=2175 decisions=4 live_orders=0 tested_orders=0
[HEARTBEAT] events=2200 decisions=4 live_orders=0 tested_orders=0
[HEARTBEAT] events=2225 decisions=4 live_orders=0 tested_orders=0
[HEARTBEAT] events=2250 decisions=4 live_orders=0 tested_orders=0
[HEARTBEAT] events=2275 decisions=4 live_orders=0 tested_orders=0
[HEARTBEAT] events=2300 decisions=4 live_orders=0 tested_orders=0
[HEARTBEAT] events=2325 decisions=4 live_orders=0 tested_orders=0
[HEARTBEAT] events=2350 decisions=4 live_orders=0 tested_orders=0
[HEARTBEAT] events=2375 decisions=4 live_orders=0 tested_orders=0
[HEARTBEAT] events=2400 decisions=4 live_orders=0 tested_orders=0
[HEARTBEAT] events=2425 decisions=4 live_orders=0 tested_orders=0
[HEARTBEAT] events=2450 decisions=4 live_orders=0 tested_orders=0
[HEARTBEAT] events=2475 decisions=4 live_orders=0 tested_orders=0
[HEARTBEAT] events=2500 decisions=4 live_orders=0 tested_orders=0
[HEARTBEAT] events=2525 decisions=4 live_orders=0 tested_orders=0
[HEARTBEAT] events=2550 decisions=4 live_orders=0 tested_orders=0
[HEARTBEAT] events=2575 decisions=4 live_orders=0 tested_orders=0
[HEARTBEAT] events=2600 decisions=4 live_orders=0 tested_orders=0
[HEARTBEAT] events=2625 decisions=4 live_orders=0 tested_orders=0
[HEARTBEAT] events=2650 decisions=4 live_orders=0 tested_orders=0
[HEARTBEAT] events=2675 decisions=4 live_orders=0 tested_orders=0
[HEARTBEAT] events=2700 decisions=4 live_orders=0 tested_orders=0
[HEARTBEAT] events=2725 decisions=4 live_orders=0 tested_orders=0
[HEARTBEAT] events=2750 decisions=4 live_orders=0 tested_orders=0
[HEARTBEAT] events=2775 decisions=4 live_orders=0 tested_orders=0
[HEARTBEAT] events=2800 decisions=4 live_orders=0 tested_orders=0
[HEARTBEAT] events=2825 decisions=4 live_orders=0 tested_orders=0
[HEARTBEAT] events=2850 decisions=4 live_orders=0 tested_orders=0
[HEARTBEAT] events=2875 decisions=4 live_orders=0 tested_orders=0
[HEARTBEAT] events=2900 decisions=4 live_orders=0 tested_orders=0
[HEARTBEAT] events=2925 decisions=4 live_orders=0 tested_orders=0
[HEARTBEAT] events=2950 decisions=4 live_orders=0 tested_orders=0
[HEARTBEAT] events=2975 decisions=4 live_orders=0 tested_orders=0
[HEARTBEAT] events=3000 decisions=4 live_orders=0 tested_orders=0
[HEARTBEAT] events=3025 decisions=4 live_orders=0 tested_orders=0
[HEARTBEAT] events=3050 decisions=4 live_orders=0 tested_orders=0
[HEARTBEAT] events=3075 decisions=4 live_orders=0 tested_orders=0
[HEARTBEAT] events=3100 decisions=4 live_orders=0 tested_orders=0
[HEARTBEAT] events=3125 decisions=4 live_orders=0 tested_orders=0
[HEARTBEAT] events=3150 decisions=4 live_orders=0 tested_orders=0
[HEARTBEAT] events=3175 decisions=4 live_orders=0 tested_orders=0
[HEARTBEAT] events=3200 decisions=4 live_orders=0 tested_orders=0
[HEARTBEAT] events=3225 decisions=4 live_orders=0 tested_orders=0
[HEARTBEAT] events=3250 decisions=4 live_orders=0 tested_orders=0
[HEARTBEAT] events=3275 decisions=4 live_orders=0 tested_orders=0
[HEARTBEAT] events=3300 decisions=4 live_orders=0 tested_orders=0
[HEARTBEAT] events=3325 decisions=4 live_orders=0 tested_orders=0
[HEARTBEAT] events=3350 decisions=4 live_orders=0 tested_orders=0
[HEARTBEAT] events=3375 decisions=4 live_orders=0 tested_orders=0
[HEARTBEAT] events=3400 decisions=4 live_orders=0 tested_orders=0
[HEARTBEAT] events=3425 decisions=4 live_orders=0 tested_orders=0
[HEARTBEAT] events=3450 decisions=4 live_orders=0 tested_orders=0
[HEARTBEAT] events=3475 decisions=4 live_orders=0 tested_orders=0
[HEARTBEAT] events=3500 decisions=4 live_orders=0 tested_orders=0
[HEARTBEAT] events=3525 decisions=4 live_orders=0 tested_orders=0
[HEARTBEAT] events=3550 decisions=4 live_orders=0 tested_orders=0
[HEARTBEAT] events=3575 decisions=4 live_orders=0 tested_orders=0
[HEARTBEAT] events=3600 decisions=4 live_orders=0 tested_orders=0
[HEARTBEAT] events=3625 decisions=4 live_orders=0 tested_orders=0
[HEARTBEAT] events=3650 decisions=4 live_orders=0 tested_orders=0
[HEARTBEAT] events=3675 decisions=4 live_orders=0 tested_orders=0
[HEARTBEAT] events=3700 decisions=4 live_orders=0 tested_orders=0
[HEARTBEAT] events=3725 decisions=4 live_orders=0 tested_orders=0
[HEARTBEAT] events=3750 decisions=4 live_orders=0 tested_orders=0
[HEARTBEAT] events=3775 decisions=4 live_orders=0 tested_orders=0
[HEARTBEAT] events=3800 decisions=4 live_orders=0 tested_orders=0
[HEARTBEAT] events=3825 decisions=4 live_orders=0 tested_orders=0
[HEARTBEAT] events=3850 decisions=4 live_orders=0 tested_orders=0
[HEARTBEAT] events=3875 decisions=4 live_orders=0 tested_orders=0
[HEARTBEAT] events=3900 decisions=4 live_orders=0 tested_orders=0
[HEARTBEAT] events=3925 decisions=4 live_orders=0 tested_orders=0
[HEARTBEAT] events=3950 decisions=4 live_orders=0 tested_orders=0
[HEARTBEAT] events=3975 decisions=4 live_orders=0 tested_orders=0
[HEARTBEAT] events=4000 decisions=4 live_orders=0 tested_orders=0
[HEARTBEAT] events=4025 decisions=4 live_orders=0 tested_orders=0
[HEARTBEAT] events=4050 decisions=4 live_orders=0 tested_orders=0
[HEARTBEAT] events=4075 decisions=4 live_orders=0 tested_orders=0
[HEARTBEAT] events=4100 decisions=4 live_orders=0 tested_orders=0
[HEARTBEAT] events=4125 decisions=4 live_orders=0 tested_orders=0
[HEARTBEAT] events=4150 decisions=4 live_orders=0 tested_orders=0
[HEARTBEAT] events=4175 decisions=4 live_orders=0 tested_orders=0
[HEARTBEAT] events=4200 decisions=4 live_orders=0 tested_orders=0
[HEARTBEAT] events=4225 decisions=4 live_orders=0 tested_orders=0
[HEARTBEAT] events=4250 decisions=4 live_orders=0 tested_orders=0
[HEARTBEAT] events=4275 decisions=4 live_orders=0 tested_orders=0
[HEARTBEAT] events=4300 decisions=4 live_orders=0 tested_orders=0
[HEARTBEAT] events=4325 decisions=4 live_orders=0 tested_orders=0
[HEARTBEAT] events=4350 decisions=4 live_orders=0 tested_orders=0
[HEARTBEAT] events=4375 decisions=4 live_orders=0 tested_orders=0
[HEARTBEAT] events=4400 decisions=4 live_orders=0 tested_orders=0
[HEARTBEAT] events=4425 decisions=4 live_orders=0 tested_orders=0
[HEARTBEAT] events=4450 decisions=4 live_orders=0 tested_orders=0
[HEARTBEAT] events=4475 decisions=4 live_orders=0 tested_orders=0
[HEARTBEAT] events=4500 decisions=4 live_orders=0 tested_orders=0
[HEARTBEAT] events=4525 decisions=4 live_orders=0 tested_orders=0
[HEARTBEAT] events=4550 decisions=4 live_orders=0 tested_orders=0
[HEARTBEAT] events=4575 decisions=4 live_orders=0 tested_orders=0
[HEARTBEAT] events=4600 decisions=4 live_orders=0 tested_orders=0
[HEARTBEAT] events=4625 decisions=4 live_orders=0 tested_orders=0
[HEARTBEAT] events=4650 decisions=4 live_orders=0 tested_orders=0
[HEARTBEAT] events=4675 decisions=4 live_orders=0 tested_orders=0
[HEARTBEAT] events=4700 decisions=4 live_orders=0 tested_orders=0
[HEARTBEAT] events=4725 decisions=4 live_orders=0 tested_orders=0
[HEARTBEAT] events=4750 decisions=4 live_orders=0 tested_orders=0
[HEARTBEAT] events=4775 decisions=4 live_orders=0 tested_orders=0
[HEARTBEAT] events=4800 decisions=4 live_orders=0 tested_orders=0
[HEARTBEAT] events=4825 decisions=4 live_orders=0 tested_orders=0
[HEARTBEAT] events=4850 decisions=4 live_orders=0 tested_orders=0
[HEARTBEAT] events=4875 decisions=4 live_orders=0 tested_orders=0
[HEARTBEAT] events=4900 decisions=4 live_orders=0 tested_orders=0
[HEARTBEAT] events=4925 decisions=4 live_orders=0 tested_orders=0
[HEARTBEAT] events=4950 decisions=4 live_orders=0 tested_orders=0
[HEARTBEAT] events=4975 decisions=4 live_orders=0 tested_orders=0
[HEARTBEAT] events=5000 decisions=4 live_orders=0 tested_orders=0
[HEARTBEAT] events=5025 decisions=4 live_orders=0 tested_orders=0
[HEARTBEAT] events=5050 decisions=4 live_orders=0 tested_orders=0
[HEARTBEAT] events=5075 decisions=4 live_orders=0 tested_orders=0
[HEARTBEAT] events=5100 decisions=4 live_orders=0 tested_orders=0
[HEARTBEAT] events=5125 decisions=4 live_orders=0 tested_orders=0
[HEARTBEAT] events=5150 decisions=4 live_orders=0 tested_orders=0
[HEARTBEAT] events=5175 decisions=4 live_orders=0 tested_orders=0
[HEARTBEAT] events=5200 decisions=4 live_orders=0 tested_orders=0
[HEARTBEAT] events=5225 decisions=4 live_orders=0 tested_orders=0
[HEARTBEAT] events=5250 decisions=4 live_orders=0 tested_orders=0
[HEARTBEAT] events=5275 decisions=4 live_orders=0 tested_orders=0
[HEARTBEAT] events=5300 decisions=4 live_orders=0 tested_orders=0
[HEARTBEAT] events=5325 decisions=4 live_orders=0 tested_orders=0
[HEARTBEAT] events=5350 decisions=4 live_orders=0 tested_orders=0
[HEARTBEAT] events=5375 decisions=4 live_orders=0 tested_orders=0
[HEARTBEAT] events=5400 decisions=4 live_orders=0 tested_orders=0
[HEARTBEAT] events=5425 decisions=4 live_orders=0 tested_orders=0
[HEARTBEAT] events=5450 decisions=4 live_orders=0 tested_orders=0
[HEARTBEAT] events=5475 decisions=4 live_orders=0 tested_orders=0
[HEARTBEAT] events=5500 decisions=4 live_orders=0 tested_orders=0
[HEARTBEAT] events=5525 decisions=4 live_orders=0 tested_orders=0
[HEARTBEAT] events=5550 decisions=4 live_orders=0 tested_orders=0
[HEARTBEAT] events=5575 decisions=4 live_orders=0 tested_orders=0
[HEARTBEAT] events=5600 decisions=4 live_orders=0 tested_orders=0
[HEARTBEAT] events=5625 decisions=4 live_orders=0 tested_orders=0
[HEARTBEAT] events=5650 decisions=4 live_orders=0 tested_orders=0
[HEARTBEAT] events=5675 decisions=4 live_orders=0 tested_orders=0
[HEARTBEAT] events=5700 decisions=4 live_orders=0 tested_orders=0
[HEARTBEAT] events=5725 decisions=4 live_orders=0 tested_orders=0
[HEARTBEAT] events=5750 decisions=4 live_orders=0 tested_orders=0
[HEARTBEAT] events=5775 decisions=4 live_orders=0 tested_orders=0
[HEARTBEAT] events=5800 decisions=4 live_orders=0 tested_orders=0
[HEARTBEAT] events=5825 decisions=4 live_orders=0 tested_orders=0
[HEARTBEAT] events=5850 decisions=4 live_orders=0 tested_orders=0
[HEARTBEAT] events=5875 decisions=4 live_orders=0 tested_orders=0
[HEARTBEAT] events=5900 decisions=4 live_orders=0 tested_orders=0
[HEARTBEAT] events=5925 decisions=4 live_orders=0 tested_orders=0
[HEARTBEAT] events=5950 decisions=4 live_orders=0 tested_orders=0
[HEARTBEAT] events=5975 decisions=4 live_orders=0 tested_orders=0
[HEARTBEAT] events=6000 decisions=4 live_orders=0 tested_orders=0
[HEARTBEAT] events=6025 decisions=4 live_orders=0 tested_orders=0
[HEARTBEAT] events=6050 decisions=4 live_orders=0 tested_orders=0
[HEARTBEAT] events=6075 decisions=4 live_orders=0 tested_orders=0
[HEARTBEAT] events=6100 decisions=4 live_orders=0 tested_orders=0
[HEARTBEAT] events=6125 decisions=4 live_orders=0 tested_orders=0
[HEARTBEAT] events=6150 decisions=4 live_orders=0 tested_orders=0
[HEARTBEAT] events=6175 decisions=4 live_orders=0 tested_orders=0
[HEARTBEAT] events=6200 decisions=4 live_orders=0 tested_orders=0
[HEARTBEAT] events=6225 decisions=4 live_orders=0 tested_orders=0
[HEARTBEAT] events=6250 decisions=4 live_orders=0 tested_orders=0
[HEARTBEAT] events=6275 decisions=4 live_orders=0 tested_orders=0
[HEARTBEAT] events=6300 decisions=4 live_orders=0 tested_orders=0
[HEARTBEAT] events=6325 decisions=4 live_orders=0 tested_orders=0
[HEARTBEAT] events=6350 decisions=4 live_orders=0 tested_orders=0
[HEARTBEAT] events=6375 decisions=4 live_orders=0 tested_orders=0
[HEARTBEAT] events=6400 decisions=4 live_orders=0 tested_orders=0
[HEARTBEAT] events=6425 decisions=4 live_orders=0 tested_orders=0
[HEARTBEAT] events=6450 decisions=4 live_orders=0 tested_orders=0
[HEARTBEAT] events=6475 decisions=4 live_orders=0 tested_orders=0
[HEARTBEAT] events=6500 decisions=4 live_orders=0 tested_orders=0
[HEARTBEAT] events=6525 decisions=4 live_orders=0 tested_orders=0
[HEARTBEAT] events=6550 decisions=4 live_orders=0 tested_orders=0
[HEARTBEAT] events=6575 decisions=4 live_orders=0 tested_orders=0
[HEARTBEAT] events=6600 decisions=4 live_orders=0 tested_orders=0
[HEARTBEAT] events=6625 decisions=4 live_orders=0 tested_orders=0
[HEARTBEAT] events=6650 decisions=4 live_orders=0 tested_orders=0
[HEARTBEAT] events=6675 decisions=4 live_orders=0 tested_orders=0
[HEARTBEAT] events=6700 decisions=4 live_orders=0 tested_orders=0
[HEARTBEAT] events=6725 decisions=4 live_orders=0 tested_orders=0
[HEARTBEAT] events=6750 decisions=4 live_orders=0 tested_orders=0
[HEARTBEAT] events=6775 decisions=4 live_orders=0 tested_orders=0
[HEARTBEAT] events=6800 decisions=4 live_orders=0 tested_orders=0
[HEARTBEAT] events=6825 decisions=4 live_orders=0 tested_orders=0
[HEARTBEAT] events=6850 decisions=4 live_orders=0 tested_orders=0
[HEARTBEAT] events=6875 decisions=4 live_orders=0 tested_orders=0
[HEARTBEAT] events=6900 decisions=4 live_orders=0 tested_orders=0
[HEARTBEAT] events=6925 decisions=4 live_orders=0 tested_orders=0
[HEARTBEAT] events=6950 decisions=4 live_orders=0 tested_orders=0
[HEARTBEAT] events=6975 decisions=4 live_orders=0 tested_orders=0
[HEARTBEAT] events=7000 decisions=4 live_orders=0 tested_orders=0
[HEARTBEAT] events=7025 decisions=4 live_orders=0 tested_orders=0
[HEARTBEAT] events=7050 decisions=4 live_orders=0 tested_orders=0
[HEARTBEAT] events=7075 decisions=4 live_orders=0 tested_orders=0
[HEARTBEAT] events=7100 decisions=4 live_orders=0 tested_orders=0
[HEARTBEAT] events=7125 decisions=4 live_orders=0 tested_orders=0
[HEARTBEAT] events=7150 decisions=4 live_orders=0 tested_orders=0
[HEARTBEAT] events=7175 decisions=4 live_orders=0 tested_orders=0
[HEARTBEAT] events=7200 decisions=4 live_orders=0 tested_orders=0
[HEARTBEAT] events=7225 decisions=4 live_orders=0 tested_orders=0
[HEARTBEAT] events=7250 decisions=4 live_orders=0 tested_orders=0
[HEARTBEAT] events=7275 decisions=4 live_orders=0 tested_orders=0
[HEARTBEAT] events=7300 decisions=4 live_orders=0 tested_orders=0
[HEARTBEAT] events=7325 decisions=4 live_orders=0 tested_orders=0
[HEARTBEAT] events=7350 decisions=4 live_orders=0 tested_orders=0
[HEARTBEAT] events=7375 decisions=4 live_orders=0 tested_orders=0
[HEARTBEAT] events=7400 decisions=4 live_orders=0 tested_orders=0
[HEARTBEAT] events=7425 decisions=4 live_orders=0 tested_orders=0
[HEARTBEAT] events=7450 decisions=4 live_orders=0 tested_orders=0
[HEARTBEAT] events=7475 decisions=4 live_orders=0 tested_orders=0
[HEARTBEAT] events=7500 decisions=4 live_orders=0 tested_orders=0
[HEARTBEAT] events=7525 decisions=4 live_orders=0 tested_orders=0
[HEARTBEAT] events=7550 decisions=4 live_orders=0 tested_orders=0
[HEARTBEAT] events=7575 decisions=4 live_orders=0 tested_orders=0
[HEARTBEAT] events=7600 decisions=4 live_orders=0 tested_orders=0
[HEARTBEAT] events=7625 decisions=4 live_orders=0 tested_orders=0
[HEARTBEAT] events=7650 decisions=4 live_orders=0 tested_orders=0
[HEARTBEAT] events=7675 decisions=4 live_orders=0 tested_orders=0
[HEARTBEAT] events=7700 decisions=4 live_orders=0 tested_orders=0
[HEARTBEAT] events=7725 decisions=4 live_orders=0 tested_orders=0
[HEARTBEAT] events=7750 decisions=4 live_orders=0 tested_orders=0
[HEARTBEAT] events=7775 decisions=4 live_orders=0 tested_orders=0
[HEARTBEAT] events=7800 decisions=4 live_orders=0 tested_orders=0
[HEARTBEAT] events=7825 decisions=4 live_orders=0 tested_orders=0
[HEARTBEAT] events=7850 decisions=4 live_orders=0 tested_orders=0
[HEARTBEAT] events=7875 decisions=4 live_orders=0 tested_orders=0
[HEARTBEAT] events=7900 decisions=4 live_orders=0 tested_orders=0
[HEARTBEAT] events=7925 decisions=4 live_orders=0 tested_orders=0
[HEARTBEAT] events=7950 decisions=4 live_orders=0 tested_orders=0
[HEARTBEAT] events=7975 decisions=4 live_orders=0 tested_orders=0
[HEARTBEAT] events=8000 decisions=4 live_orders=0 tested_orders=0
[HEARTBEAT] events=8025 decisions=4 live_orders=0 tested_orders=0
[HEARTBEAT] events=8050 decisions=4 live_orders=0 tested_orders=0
[HEARTBEAT] events=8075 decisions=4 live_orders=0 tested_orders=0
[HEARTBEAT] events=8100 decisions=4 live_orders=0 tested_orders=0
[HEARTBEAT] events=8125 decisions=4 live_orders=0 tested_orders=0
[HEARTBEAT] events=8150 decisions=4 live_orders=0 tested_orders=0
[HEARTBEAT] events=8175 decisions=4 live_orders=0 tested_orders=0
[HEARTBEAT] events=8200 decisions=4 live_orders=0 tested_orders=0
[HEARTBEAT] events=8225 decisions=4 live_orders=0 tested_orders=0
[HEARTBEAT] events=8250 decisions=4 live_orders=0 tested_orders=0
[HEARTBEAT] events=8275 decisions=4 live_orders=0 tested_orders=0
[HEARTBEAT] events=8300 decisions=4 live_orders=0 tested_orders=0
[HEARTBEAT] events=8325 decisions=4 live_orders=0 tested_orders=0
[HEARTBEAT] events=8350 decisions=4 live_orders=0 tested_orders=0
[HEARTBEAT] events=8375 decisions=4 live_orders=0 tested_orders=0
[HEARTBEAT] events=8400 decisions=4 live_orders=0 tested_orders=0
[HEARTBEAT] events=8425 decisions=4 live_orders=0 tested_orders=0
[HEARTBEAT] events=8450 decisions=4 live_orders=0 tested_orders=0
[HEARTBEAT] events=8475 decisions=4 live_orders=0 tested_orders=0
[HEARTBEAT] events=8500 decisions=4 live_orders=0 tested_orders=0
[HEARTBEAT] events=8525 decisions=4 live_orders=0 tested_orders=0
[HEARTBEAT] events=8550 decisions=4 live_orders=0 tested_orders=0
[HEARTBEAT] events=8575 decisions=4 live_orders=0 tested_orders=0
[HEARTBEAT] events=8600 decisions=4 live_orders=0 tested_orders=0
[HEARTBEAT] events=8625 decisions=4 live_orders=0 tested_orders=0
[HEARTBEAT] events=8650 decisions=4 live_orders=0 tested_orders=0
[HEARTBEAT] events=8675 decisions=4 live_orders=0 tested_orders=0
[HEARTBEAT] events=8700 decisions=4 live_orders=0 tested_orders=0
[HEARTBEAT] events=8725 decisions=4 live_orders=0 tested_orders=0
[HEARTBEAT] events=8750 decisions=4 live_orders=0 tested_orders=0
[HEARTBEAT] events=8775 decisions=4 live_orders=0 tested_orders=0
[HEARTBEAT] events=8800 decisions=4 live_orders=0 tested_orders=0
[HEARTBEAT] events=8825 decisions=4 live_orders=0 tested_orders=0
[HEARTBEAT] events=8850 decisions=4 live_orders=0 tested_orders=0
[HEARTBEAT] events=8875 decisions=4 live_orders=0 tested_orders=0
[HEARTBEAT] events=8900 decisions=4 live_orders=0 tested_orders=0
[HEARTBEAT] events=8925 decisions=4 live_orders=0 tested_orders=0
[HEARTBEAT] events=8950 decisions=4 live_orders=0 tested_orders=0
[HEARTBEAT] events=8975 decisions=4 live_orders=0 tested_orders=0
[HEARTBEAT] events=9000 decisions=4 live_orders=0 tested_orders=0
[HEARTBEAT] events=9025 decisions=4 live_orders=0 tested_orders=0
[HEARTBEAT] events=9050 decisions=4 live_orders=0 tested_orders=0
[HEARTBEAT] events=9075 decisions=4 live_orders=0 tested_orders=0
[HEARTBEAT] events=9100 decisions=4 live_orders=0 tested_orders=0
[HEARTBEAT] events=9125 decisions=4 live_orders=0 tested_orders=0
[HEARTBEAT] events=9150 decisions=4 live_orders=0 tested_orders=0
[HEARTBEAT] events=9175 decisions=4 live_orders=0 tested_orders=0
[HEARTBEAT] events=9200 decisions=4 live_orders=0 tested_orders=0
[HEARTBEAT] events=9225 decisions=4 live_orders=0 tested_orders=0
[HEARTBEAT] events=9250 decisions=4 live_orders=0 tested_orders=0
[HEARTBEAT] events=9275 decisions=4 live_orders=0 tested_orders=0
[HEARTBEAT] events=9300 decisions=4 live_orders=0 tested_orders=0
[HEARTBEAT] events=9325 decisions=4 live_orders=0 tested_orders=0
[HEARTBEAT] events=9350 decisions=4 live_orders=0 tested_orders=0
[HEARTBEAT] events=9375 decisions=4 live_orders=0 tested_orders=0
[HEARTBEAT] events=9400 decisions=4 live_orders=0 tested_orders=0
[HEARTBEAT] events=9425 decisions=4 live_orders=0 tested_orders=0
[HEARTBEAT] events=9450 decisions=4 live_orders=0 tested_orders=0
[HEARTBEAT] events=9475 decisions=4 live_orders=0 tested_orders=0
[HEARTBEAT] events=9500 decisions=4 live_orders=0 tested_orders=0
[HEARTBEAT] events=9525 decisions=4 live_orders=0 tested_orders=0
[HEARTBEAT] events=9550 decisions=4 live_orders=0 tested_orders=0
[HEARTBEAT] events=9575 decisions=4 live_orders=0 tested_orders=0
[HEARTBEAT] events=9600 decisions=4 live_orders=0 tested_orders=0
[HEARTBEAT] events=9625 decisions=4 live_orders=0 tested_orders=0
[HEARTBEAT] events=9650 decisions=4 live_orders=0 tested_orders=0
[HEARTBEAT] events=9675 decisions=4 live_orders=0 tested_orders=0
[HEARTBEAT] events=9700 decisions=4 live_orders=0 tested_orders=0
[HEARTBEAT] events=9725 decisions=4 live_orders=0 tested_orders=0
[HEARTBEAT] events=9750 decisions=4 live_orders=0 tested_orders=0
[HEARTBEAT] events=9775 decisions=4 live_orders=0 tested_orders=0
[HEARTBEAT] events=9800 decisions=4 live_orders=0 tested_orders=0
[HEARTBEAT] events=9825 decisions=4 live_orders=0 tested_orders=0
[HEARTBEAT] events=9850 decisions=4 live_orders=0 tested_orders=0
[HEARTBEAT] events=9875 decisions=4 live_orders=0 tested_orders=0
[HEARTBEAT] events=9900 decisions=4 live_orders=0 tested_orders=0
[HEARTBEAT] events=9925 decisions=4 live_orders=0 tested_orders=0
[HEARTBEAT] events=9950 decisions=4 live_orders=0 tested_orders=0
[HEARTBEAT] events=9975 decisions=4 live_orders=0 tested_orders=0
[HEARTBEAT] events=10000 decisions=4 live_orders=0 tested_orders=0
[HEARTBEAT] events=10025 decisions=4 live_orders=0 tested_orders=0
[HEARTBEAT] events=10050 decisions=4 live_orders=0 tested_orders=0
[HEARTBEAT] events=10075 decisions=4 live_orders=0 tested_orders=0
[HEARTBEAT] events=10100 decisions=4 live_orders=0 tested_orders=0
[HEARTBEAT] events=10125 decisions=4 live_orders=0 tested_orders=0
[HEARTBEAT] events=10150 decisions=4 live_orders=0 tested_orders=0
[HEARTBEAT] events=10175 decisions=4 live_orders=0 tested_orders=0
[HEARTBEAT] events=10200 decisions=4 live_orders=0 tested_orders=0
[HEARTBEAT] events=10225 decisions=4 live_orders=0 tested_orders=0
[HEARTBEAT] events=10250 decisions=4 live_orders=0 tested_orders=0
[HEARTBEAT] events=10275 decisions=4 live_orders=0 tested_orders=0
[HEARTBEAT] events=10300 decisions=4 live_orders=0 tested_orders=0
[HEARTBEAT] events=10325 decisions=4 live_orders=0 tested_orders=0
[HEARTBEAT] events=10350 decisions=4 live_orders=0 tested_orders=0
[HEARTBEAT] events=10375 decisions=4 live_orders=0 tested_orders=0
[HEARTBEAT] events=10400 decisions=4 live_orders=0 tested_orders=0
[HEARTBEAT] events=10425 decisions=4 live_orders=0 tested_orders=0
[HEARTBEAT] events=10450 decisions=4 live_orders=0 tested_orders=0
[HEARTBEAT] events=10475 decisions=4 live_orders=0 tested_orders=0
[HEARTBEAT] events=10500 decisions=4 live_orders=0 tested_orders=0
[HEARTBEAT] events=10525 decisions=4 live_orders=0 tested_orders=0
[HEARTBEAT] events=10550 decisions=4 live_orders=0 tested_orders=0
[HEARTBEAT] events=10575 decisions=4 live_orders=0 tested_orders=0
[HEARTBEAT] events=10600 decisions=4 live_orders=0 tested_orders=0
[HEARTBEAT] events=10625 decisions=4 live_orders=0 tested_orders=0
[HEARTBEAT] events=10650 decisions=4 live_orders=0 tested_orders=0
[HEARTBEAT] events=10675 decisions=4 live_orders=0 tested_orders=0
[HEARTBEAT] events=10700 decisions=4 live_orders=0 tested_orders=0
[HEARTBEAT] events=10725 decisions=4 live_orders=0 tested_orders=0
[HEARTBEAT] events=10750 decisions=4 live_orders=0 tested_orders=0
[HEARTBEAT] events=10775 decisions=4 live_orders=0 tested_orders=0
[HEARTBEAT] events=10800 decisions=4 live_orders=0 tested_orders=0
[HEARTBEAT] events=10825 decisions=4 live_orders=0 tested_orders=0
[HEARTBEAT] events=10850 decisions=4 live_orders=0 tested_orders=0
[HEARTBEAT] events=10875 decisions=4 live_orders=0 tested_orders=0
[HEARTBEAT] events=10900 decisions=4 live_orders=0 tested_orders=0
[HEARTBEAT] events=10925 decisions=4 live_orders=0 tested_orders=0
[HEARTBEAT] events=10950 decisions=4 live_orders=0 tested_orders=0
[HEARTBEAT] events=10975 decisions=4 live_orders=0 tested_orders=0
[HEARTBEAT] events=11000 decisions=4 live_orders=0 tested_orders=0
[HEARTBEAT] events=11025 decisions=4 live_orders=0 tested_orders=0
[HEARTBEAT] events=11050 decisions=4 live_orders=0 tested_orders=0
[HEARTBEAT] events=11075 decisions=4 live_orders=0 tested_orders=0
[HEARTBEAT] events=11100 decisions=4 live_orders=0 tested_orders=0
[HEARTBEAT] events=11125 decisions=4 live_orders=0 tested_orders=0
[HEARTBEAT] events=11150 decisions=4 live_orders=0 tested_orders=0
